// Jest Snapshot v1, https://goo.gl/fbAQLP

exports[`SignOut rendering works 1`] = `
Object {
  "attachments": Array [
    Object {
      "actions": Array [
        Object {
          "style": "primary",
          "text": "Connect GitHub account",
          "type": "button",
          "url": "https://example.org/github/oauth/login?state=abcdef",
        },
      ],
      "color": "#24292f",
      "fallback": "Your GitHub account has been disconnected.",
      "mrkdwn_in": Array [
        "text",
      ],
      "text": ":white_check_mark: <@U012345> is now signed out
Features like subscriptions and rich link previews will stop working. Use \`/github signin\` to sign back into your GitHub account at any time (or click the button below).",
    },
  ],
  "response_type": "ephemeral",
}
`;
