// Jest Snapshot v1, https://goo.gl/fbAQLP

exports[`Error handling /boom returns 500 1`] = `[MockFunction cache.get]`;

exports[`Error handling /boom returns 500 2`] = `[MockFunction cache.set]`;

exports[`Error handling /boom returns 500 3`] = `[MockFunction cache.fetch]`;

exports[`Error handling /boom?async returns 500 1`] = `[MockFunction cache.get]`;

exports[`Error handling /boom?async returns 500 2`] = `[MockFunction cache.set]`;

exports[`Error handling /boom?async returns 500 3`] = `[MockFunction cache.fetch]`;

exports[`Error handling response to failed slack commands 1`] = `[MockFunction cache.get]`;

exports[`Error handling response to failed slack commands 2`] = `
[MockFunction cache.set] {
  "calls": Array [
    Array [
      "pending-command#13345224609.738474920.8088930838d88f008e0",
      Object {
        "channel_id": "C2147483705",
        "channel_name": "test",
        "command": "/github",
        "enterprise_id": "E0001",
        "enterprise_name": "Globular%20Construct%20Inc",
        "response_url": "https://hooks.slack.com/commands/1234/5678",
        "team_domain": "example",
        "team_id": "T0001",
        "text": "boom",
        "token": "secret",
        "trigger_id": "13345224609.738474920.8088930838d88f008e0",
        "user_id": "U2147483697",
        "user_name": "Steve",
      },
    ],
  ],
  "results": Array [
    Object {
      "isThrow": false,
      "value": Promise {},
    },
  ],
}
`;

exports[`Error handling response to failed slack commands 3`] = `[MockFunction cache.fetch]`;
